---
source: crates/ruff_linter/src/rules/flake8_cognitive_complexity/mod.rs
---

